Release 14.7 - xst P.20131013 (lin)
Copyright (c) 1995-2013 Xilinx, Inc.  All rights reserved.
--> 
Parameter TMPDIR set to xst/projnav.tmp


Total REAL time to Xst completion: 1.00 secs
Total CPU time to Xst completion: 0.06 secs
 
--> 
Parameter xsthdpdir set to xst


Total REAL time to Xst completion: 1.00 secs
Total CPU time to Xst completion: 0.06 secs
 
--> 
Reading design: ALU_wrapper.prj

TABLE OF CONTENTS
  1) Synthesis Options Summary
  2) HDL Parsing
  3) HDL Elaboration
  4) HDL Synthesis
       4.1) HDL Synthesis Report
  5) Advanced HDL Synthesis
       5.1) Advanced HDL Synthesis Report
  6) Low Level Synthesis
  7) Partition Report
  8) Design Summary
       8.1) Primitive and Black Box Usage
       8.2) Device utilization summary
       8.3) Partition Resource Summary
       8.4) Timing Report
            8.4.1) Clock Information
            8.4.2) Asynchronous Control Signals Information
            8.4.3) Timing Summary
            8.4.4) Timing Details
            8.4.5) Cross Clock Domains Report


=========================================================================
*                      Synthesis Options Summary                        *
=========================================================================
---- Source Parameters
Input File Name                    : "ALU_wrapper.prj"
Ignore Synthesis Constraint File   : NO

---- Target Parameters
Output File Name                   : "ALU_wrapper"
Output Format                      : NGC
Target Device                      : xc7a100t-3-csg324

---- Source Options
Top Module Name                    : ALU_wrapper
Automatic FSM Extraction           : YES
FSM Encoding Algorithm             : Auto
Safe Implementation                : No
FSM Style                          : LUT
RAM Extraction                     : Yes
RAM Style                          : Auto
ROM Extraction                     : Yes
Shift Register Extraction          : YES
ROM Style                          : Auto
Resource Sharing                   : YES
Asynchronous To Synchronous        : NO
Shift Register Minimum Size        : 2
Use DSP Block                      : Auto
Automatic Register Balancing       : No

---- Target Options
LUT Combining                      : Auto
Reduce Control Sets                : Auto
Add IO Buffers                     : YES
Global Maximum Fanout              : 100000
Add Generic Clock Buffer(BUFG)     : 32
Register Duplication               : YES
Optimize Instantiated Primitives   : NO
Use Clock Enable                   : Auto
Use Synchronous Set                : Auto
Use Synchronous Reset              : Auto
Pack IO Registers into IOBs        : Auto
Equivalent register Removal        : YES

---- General Options
Optimization Goal                  : Speed
Optimization Effort                : 1
Power Reduction                    : NO
Keep Hierarchy                     : No
Netlist Hierarchy                  : As_Optimized
RTL Output                         : Yes
Global Optimization                : AllClockNets
Read Cores                         : YES
Write Timing Constraints           : NO
Cross Clock Analysis               : NO
Hierarchy Separator                : /
Bus Delimiter                      : <>
Case Specifier                     : Maintain
Slice Utilization Ratio            : 100
BRAM Utilization Ratio             : 100
DSP48 Utilization Ratio            : 100
Auto BRAM Packing                  : NO
Slice Utilization Ratio Delta      : 5

=========================================================================


=========================================================================
*                          HDL Parsing                                  *
=========================================================================
Parsing VHDL file "/home/ctnguyen/Works/pipelineCPU/src/four_bits_CLA_adder.vhd" into library work
Parsing entity <four_bits_CLA_adder>.
Parsing architecture <Behavioral> of entity <four_bits_cla_adder>.
Parsing VHDL file "/home/ctnguyen/Works/pipelineCPU/src/carry_look_ahead_block.vhd" into library work
Parsing entity <carry_look_ahead_block>.
Parsing architecture <Behavioral> of entity <carry_look_ahead_block>.
Parsing VHDL file "/home/ctnguyen/Works/pipelineCPU/src/sixteen_bits_adder.vhd" into library work
Parsing entity <sixteen_bits_adder>.
Parsing architecture <Behavioral> of entity <sixteen_bits_adder>.
Parsing VHDL file "/home/ctnguyen/Works/pipelineCPU/src/globalConst.vhd" into library work
Parsing package <globalConst>.
Parsing package body <globalConst>.
Parsing VHDL file "/home/ctnguyen/Works/pipelineCPU/src/sixteen_bits_add_sub.vhd" into library work
Parsing entity <sixteen_bits_add_sub>.
Parsing architecture <Behavioral> of entity <sixteen_bits_add_sub>.
Parsing VHDL file "/home/ctnguyen/Works/pipelineCPU/src/alu_Shift.vhd" into library work
Parsing entity <alu_Shift>.
Parsing architecture <Behavioral> of entity <alu_shift>.
Parsing VHDL file "/home/ctnguyen/Works/pipelineCPU/src/alu_Logic.vhd" into library work
Parsing entity <alu_Logic>.
Parsing architecture <Behavioral> of entity <alu_logic>.
Parsing VHDL file "/home/ctnguyen/Works/pipelineCPU/src/ALU_wrapper.vhd" into library work
Parsing entity <ALU_wrapper>.
Parsing architecture <Behavioral> of entity <alu_wrapper>.

=========================================================================
*                            HDL Elaboration                            *
=========================================================================

Elaborating entity <ALU_wrapper> (architecture <Behavioral>) from library <work>.

Elaborating entity <sixteen_bits_add_sub> (architecture <Behavioral>) from library <work>.

Elaborating entity <sixteen_bits_adder> (architecture <Behavioral>) from library <work>.

Elaborating entity <four_bits_CLA_adder> (architecture <Behavioral>) from library <work>.

Elaborating entity <carry_look_ahead_block> (architecture <Behavioral>) from library <work>.

Elaborating entity <alu_Logic> (architecture <Behavioral>) from library <work>.

Elaborating entity <alu_Shift> (architecture <Behavioral>) from library <work>.

=========================================================================
*                           HDL Synthesis                               *
=========================================================================

Synthesizing Unit <ALU_wrapper>.
    Related source file is "/home/ctnguyen/Works/pipelineCPU/src/ALU_wrapper.vhd".
INFO:Xst:3210 - "/home/ctnguyen/Works/pipelineCPU/src/ALU_wrapper.vhd" line 49: Output port <carry_out> of the instance <ALU_adder_subtracter> is unconnected or connected to loadless signal.
    Found 8x2-bit Read Only RAM for signal <opLogic>
INFO:Xst:2774 - HDL ADVISOR - KEEP property attached to signal resultAddSub may hinder XST clustering optimizations.
    Summary:
	inferred   1 RAM(s).
	inferred   2 Multiplexer(s).
Unit <ALU_wrapper> synthesized.

Synthesizing Unit <sixteen_bits_add_sub>.
    Related source file is "/home/ctnguyen/Works/pipelineCPU/src/sixteen_bits_add_sub.vhd".
INFO:Xst:2774 - HDL ADVISOR - KEEP property attached to signal result<15> may hinder XST clustering optimizations.
    Summary:
	inferred   1 Multiplexer(s).
Unit <sixteen_bits_add_sub> synthesized.

Synthesizing Unit <sixteen_bits_adder>.
    Related source file is "/home/ctnguyen/Works/pipelineCPU/src/sixteen_bits_adder.vhd".
    Summary:
	no macro.
Unit <sixteen_bits_adder> synthesized.

Synthesizing Unit <four_bits_CLA_adder>.
    Related source file is "/home/ctnguyen/Works/pipelineCPU/src/four_bits_CLA_adder.vhd".
    Summary:
Unit <four_bits_CLA_adder> synthesized.

Synthesizing Unit <carry_look_ahead_block>.
    Related source file is "/home/ctnguyen/Works/pipelineCPU/src/carry_look_ahead_block.vhd".
    Summary:
	no macro.
Unit <carry_look_ahead_block> synthesized.

Synthesizing Unit <alu_Logic>.
    Related source file is "/home/ctnguyen/Works/pipelineCPU/src/alu_Logic.vhd".
    Found 16-bit 4-to-1 multiplexer for signal <result> created at line 21.
    Summary:
	inferred   1 Multiplexer(s).
Unit <alu_Logic> synthesized.

Synthesizing Unit <alu_Shift>.
    Related source file is "/home/ctnguyen/Works/pipelineCPU/src/alu_Shift.vhd".
WARNING:Xst:647 - Input <operand_b<5:0>> is never used. This port will be preserved and left unconnected if it belongs to a top-level block or it belongs to a sub-block and the hierarchy of this sub-block is preserved.
WARNING:Xst:647 - Input <operand_b<15:11>> is never used. This port will be preserved and left unconnected if it belongs to a top-level block or it belongs to a sub-block and the hierarchy of this sub-block is preserved.
    Found 32-bit subtractor for signal <n0047> created at line 38.
    Found 16-bit shifter logical right for signal <n0049[15:0]> created at line 38
    Found 16-bit shifter logical left for signal <n0053[15:0]> created at line 37
    Found 16-bit shifter logical left for signal <n0048[15:0]> created at line 38
    Found 16-bit shifter logical right for signal <n0052[15:0]> created at line 37
    Summary:
	inferred   1 Adder/Subtractor(s).
	inferred   7 Multiplexer(s).
	inferred   4 Combinational logic shifter(s).
Unit <alu_Shift> synthesized.

=========================================================================
HDL Synthesis Report

Macro Statistics
# RAMs                                                 : 1
 8x2-bit single-port Read Only RAM                     : 1
# Adders/Subtractors                                   : 1
 32-bit subtractor                                     : 1
# Multiplexers                                         : 11
 16-bit 2-to-1 multiplexer                             : 10
 16-bit 4-to-1 multiplexer                             : 1
# Logic shifters                                       : 4
 16-bit shifter logical left                           : 2
 16-bit shifter logical right                          : 2
# Xors                                                 : 34
 1-bit xor2                                            : 33
 16-bit xor2                                           : 1

=========================================================================

=========================================================================
*                       Advanced HDL Synthesis                          *
=========================================================================


Synthesizing (advanced) Unit <ALU_wrapper>.
INFO:Xst:3218 - HDL ADVISOR - The RAM <Mram_opLogic> will be implemented on LUTs either because you have described an asynchronous read or because of currently unsupported block RAM features. If you have described an asynchronous read, making it synchronous would allow you to take advantage of available block RAM resources, for optimized device usage and improved timings. Please refer to your documentation for coding guidelines.
    -----------------------------------------------------------------------
    | ram_type           | Distributed                         |          |
    -----------------------------------------------------------------------
    | Port A                                                              |
    |     aspect ratio   | 8-word x 2-bit                      |          |
    |     weA            | connected to signal <GND>           | high     |
    |     addrA          | connected to signal <ALU_opcode>    |          |
    |     diA            | connected to signal <GND>           |          |
    |     doA            | connected to signal <opLogic>       |          |
    -----------------------------------------------------------------------
Unit <ALU_wrapper> synthesized (advanced).

=========================================================================
Advanced HDL Synthesis Report

Macro Statistics
# RAMs                                                 : 1
 8x2-bit single-port distributed Read Only RAM         : 1
# Adders/Subtractors                                   : 1
 32-bit subtractor                                     : 1
# Multiplexers                                         : 11
 16-bit 2-to-1 multiplexer                             : 10
 16-bit 4-to-1 multiplexer                             : 1
# Logic shifters                                       : 4
 16-bit shifter logical left                           : 2
 16-bit shifter logical right                          : 2
# Xors                                                 : 34
 1-bit xor2                                            : 33
 16-bit xor2                                           : 1

=========================================================================

=========================================================================
*                         Low Level Synthesis                           *
=========================================================================

Optimizing unit <ALU_wrapper> ...

Optimizing unit <sixteen_bits_add_sub> ...

Optimizing unit <sixteen_bits_adder> ...

Optimizing unit <alu_Shift> ...

Mapping all equations...
Building and optimizing final netlist ...
Found area constraint ratio of 100 (+ 5) on block ALU_wrapper, actual ratio is 0.

Final Macro Processing ...

=========================================================================
Final Register Report

Found no macro
=========================================================================

=========================================================================
*                           Partition Report                            *
=========================================================================

Partition Implementation Status
-------------------------------

  No Partitions were found in this design.

-------------------------------

=========================================================================
*                            Design Summary                             *
=========================================================================

Top Level Output File Name         : ALU_wrapper.ngc

Primitive and Black Box Usage:
------------------------------
# BELS                             : 251
#      LUT2                        : 4
#      LUT3                        : 30
#      LUT4                        : 22
#      LUT5                        : 67
#      LUT6                        : 114
#      MUXF7                       : 14
# IO Buffers                       : 53
#      IBUF                        : 35
#      OBUF                        : 18

Device utilization summary:
---------------------------

Selected Device : 7a100tcsg324-3 


Slice Logic Utilization: 
 Number of Slice LUTs:                  237  out of  63400     0%  
    Number used as Logic:               237  out of  63400     0%  

Slice Logic Distribution: 
 Number of LUT Flip Flop pairs used:    237
   Number with an unused Flip Flop:     237  out of    237   100%  
   Number with an unused LUT:             0  out of    237     0%  
   Number of fully used LUT-FF pairs:     0  out of    237     0%  
   Number of unique control sets:         0

IO Utilization: 
 Number of IOs:                          53
 Number of bonded IOBs:                  53  out of    210    25%  

Specific Feature Utilization:

---------------------------
Partition Resource Summary:
---------------------------

  No Partitions were found in this design.

---------------------------


=========================================================================
Timing Report

NOTE: THESE TIMING NUMBERS ARE ONLY A SYNTHESIS ESTIMATE.
      FOR ACCURATE TIMING INFORMATION PLEASE REFER TO THE TRACE REPORT
      GENERATED AFTER PLACE-and-ROUTE.

Clock Information:
------------------
No clock signals found in this design

Asynchronous Control Signals Information:
----------------------------------------
No asynchronous control signals found in this design

Timing Summary:
---------------
Speed Grade: -3

   Minimum period: No path found
   Minimum input arrival time before clock: No path found
   Maximum output required time after clock: No path found
   Maximum combinational path delay: 5.175ns

Timing Details:
---------------
All values displayed in nanoseconds (ns)

=========================================================================
Timing constraint: Default path analysis
  Total number of paths / destination ports: 3104 / 18
-------------------------------------------------------------------------
Delay:               5.175ns (Levels of Logic = 13)
  Source:            ALU_opcode<2> (PAD)
  Destination:       ALU_result<15> (PAD)

  Data Path: ALU_opcode<2> to ALU_result<15>
                                Gate     Net
    Cell:in->out      fanout   Delay   Delay  Logical Name (Net Name)
    ----------------------------------------  ------------
     IBUF:I->O            63   0.001   0.623  ALU_opcode_2_IBUF (ALU_opcode_2_IBUF)
     LUT3:I0->O            2   0.097   0.561  opAddSub1 (opAddSub)
     LUT5:I1->O            4   0.097   0.309  ALU_adder_subtracter/adder/first_4bits/c<2>1 (ALU_adder_subtracter/adder/first_4bits/c<2>)
     LUT5:I4->O            4   0.097   0.309  ALU_adder_subtracter/adder/CLA_block/C_OUT<1> (ALU_adder_subtracter/adder/c_group<1>)
     LUT5:I4->O            4   0.097   0.309  ALU_adder_subtracter/adder/second_4bits/c<2>1 (ALU_adder_subtracter/adder/second_4bits/c<2>)
     LUT5:I4->O            4   0.097   0.309  ALU_adder_subtracter/adder/CLA_block/C_OUT<2>4 (ALU_adder_subtracter/adder/c_group<2>)
     LUT5:I4->O            4   0.097   0.309  ALU_adder_subtracter/adder/third_4bits/c<2>1 (ALU_adder_subtracter/adder/third_4bits/c<2>)
     LUT5:I4->O            4   0.097   0.309  ALU_adder_subtracter/adder/CLA_block/C_OUT<3>4 (ALU_adder_subtracter/adder/c_group<3>)
     LUT5:I4->O            4   0.097   0.309  ALU_adder_subtracter/adder/fourth_4bits/c<2>1 (ALU_adder_subtracter/adder/fourth_4bits/c<2>)
     LUT5:I4->O            2   0.097   0.299  ALU_adder_subtracter/adder/fourth_4bits/Mxor_sum<3>_xo<0>1 (resultAddSub<15>)
     LUT5:I4->O            1   0.097   0.000  Mmux_ALU_result78_F (N34)
     MUXF7:I0->O           1   0.277   0.279  Mmux_ALU_result78 (ALU_result_15_OBUF)
     OBUF:I->O                 0.000          ALU_result_15_OBUF (ALU_result<15>)
    ----------------------------------------
    Total                      5.175ns (1.248ns logic, 3.927ns route)
                                       (24.1% logic, 75.9% route)

=========================================================================

Cross Clock Domains Report:
--------------------------

=========================================================================


Total REAL time to Xst completion: 20.00 secs
Total CPU time to Xst completion: 11.74 secs
 
--> 


Total memory usage is 202720 kilobytes

Number of errors   :    0 (   0 filtered)
Number of warnings :    2 (   0 filtered)
Number of infos    :    4 (   0 filtered)

