Release 14.7 - xst P.20131013 (lin)
Copyright (c) 1995-2013 Xilinx, Inc.  All rights reserved.
--> 
Parameter TMPDIR set to xst/projnav.tmp


Total REAL time to Xst completion: 1.00 secs
Total CPU time to Xst completion: 0.05 secs
 
--> 
Parameter xsthdpdir set to xst


Total REAL time to Xst completion: 1.00 secs
Total CPU time to Xst completion: 0.06 secs
 
--> 
Reading design: DEC_phase.prj

TABLE OF CONTENTS
  1) Synthesis Options Summary
  2) HDL Parsing
  3) HDL Elaboration
  4) HDL Synthesis
       4.1) HDL Synthesis Report
  5) Advanced HDL Synthesis
       5.1) Advanced HDL Synthesis Report
  6) Low Level Synthesis
  7) Partition Report
  8) Design Summary
       8.1) Primitive and Black Box Usage
       8.2) Device utilization summary
       8.3) Partition Resource Summary
       8.4) Timing Report
            8.4.1) Clock Information
            8.4.2) Asynchronous Control Signals Information
            8.4.3) Timing Summary
            8.4.4) Timing Details
            8.4.5) Cross Clock Domains Report


=========================================================================
*                      Synthesis Options Summary                        *
=========================================================================
---- Source Parameters
Input File Name                    : "DEC_phase.prj"
Ignore Synthesis Constraint File   : NO

---- Target Parameters
Output File Name                   : "DEC_phase"
Output Format                      : NGC
Target Device                      : xc7a100t-3-csg324

---- Source Options
Top Module Name                    : DEC_phase
Automatic FSM Extraction           : YES
FSM Encoding Algorithm             : Auto
Safe Implementation                : No
FSM Style                          : LUT
RAM Extraction                     : Yes
RAM Style                          : Auto
ROM Extraction                     : Yes
Shift Register Extraction          : YES
ROM Style                          : Auto
Resource Sharing                   : YES
Asynchronous To Synchronous        : NO
Shift Register Minimum Size        : 2
Use DSP Block                      : Auto
Automatic Register Balancing       : No

---- Target Options
LUT Combining                      : Auto
Reduce Control Sets                : Auto
Add IO Buffers                     : YES
Global Maximum Fanout              : 100000
Add Generic Clock Buffer(BUFG)     : 32
Register Duplication               : YES
Optimize Instantiated Primitives   : NO
Use Clock Enable                   : Auto
Use Synchronous Set                : Auto
Use Synchronous Reset              : Auto
Pack IO Registers into IOBs        : Auto
Equivalent register Removal        : YES

---- General Options
Optimization Goal                  : Speed
Optimization Effort                : 1
Power Reduction                    : NO
Keep Hierarchy                     : No
Netlist Hierarchy                  : As_Optimized
RTL Output                         : Yes
Global Optimization                : AllClockNets
Read Cores                         : YES
Write Timing Constraints           : NO
Cross Clock Analysis               : NO
Hierarchy Separator                : /
Bus Delimiter                      : <>
Case Specifier                     : Maintain
Slice Utilization Ratio            : 100
BRAM Utilization Ratio             : 100
DSP48 Utilization Ratio            : 100
Auto BRAM Packing                  : NO
Slice Utilization Ratio Delta      : 5

=========================================================================


=========================================================================
*                          HDL Parsing                                  *
=========================================================================
Parsing VHDL file "/home/ctnguyen/Works/pipelineCPU/src/globalConst.vhd" into library work
Parsing package <globalConst>.
Parsing package body <globalConst>.
Parsing VHDL file "/home/ctnguyen/Works/pipelineCPU/src/register_file.vhd" into library work
Parsing entity <register_file>.
Parsing architecture <Behavioral> of entity <register_file>.
Parsing VHDL file "/home/ctnguyen/Works/pipelineCPU/src/DEC_phase.vhd" into library work
Parsing entity <DEC_phase>.
Parsing architecture <Behavioral> of entity <dec_phase>.

=========================================================================
*                            HDL Elaboration                            *
=========================================================================

Elaborating entity <DEC_phase> (architecture <Behavioral>) from library <work>.

Elaborating entity <register_file> (architecture <Behavioral>) from library <work>.
WARNING:HDLCompiler:92 - "/home/ctnguyen/Works/pipelineCPU/src/register_file.vhd" Line 43: regfile should be on the sensitivity list of the process
WARNING:HDLCompiler:92 - "/home/ctnguyen/Works/pipelineCPU/src/register_file.vhd" Line 44: regfile should be on the sensitivity list of the process

=========================================================================
*                           HDL Synthesis                               *
=========================================================================

Synthesizing Unit <DEC_phase>.
    Related source file is "/home/ctnguyen/Works/pipelineCPU/src/DEC_phase.vhd".
    Found 80-bit register for signal <DEC_EX_Reg>.
    Found 32x1-bit Read Only RAM for signal <MEM_branch_indicator>
    Found 64x10-bit Read Only RAM for signal <_n0094>
    Summary:
	inferred   2 RAM(s).
	inferred  80 D-type flip-flop(s).
Unit <DEC_phase> synthesized.

Synthesizing Unit <register_file>.
    Related source file is "/home/ctnguyen/Works/pipelineCPU/src/register_file.vhd".
    Found 16-bit register for signal <regFile<1>>.
    Found 16-bit register for signal <regFile<2>>.
    Found 16-bit register for signal <regFile<3>>.
    Found 16-bit register for signal <regFile<4>>.
    Found 16-bit register for signal <regFile<5>>.
    Found 16-bit register for signal <regFile<6>>.
    Found 16-bit register for signal <regFile<7>>.
    Found 16-bit register for signal <regFile<8>>.
    Found 16-bit register for signal <regFile<9>>.
    Found 16-bit register for signal <regFile<10>>.
    Found 16-bit register for signal <regFile<11>>.
    Found 16-bit register for signal <regFile<12>>.
    Found 16-bit register for signal <regFile<13>>.
    Found 16-bit register for signal <regFile<14>>.
    Found 16-bit register for signal <regFile<15>>.
    Found 16-bit register for signal <regFile<16>>.
    Found 16-bit register for signal <regFile<17>>.
    Found 16-bit register for signal <regFile<18>>.
    Found 16-bit register for signal <regFile<19>>.
    Found 16-bit register for signal <regFile<20>>.
    Found 16-bit register for signal <regFile<21>>.
    Found 16-bit register for signal <regFile<22>>.
    Found 16-bit register for signal <regFile<23>>.
    Found 16-bit register for signal <regFile<24>>.
    Found 16-bit register for signal <regFile<25>>.
    Found 16-bit register for signal <regFile<26>>.
    Found 16-bit register for signal <regFile<27>>.
    Found 16-bit register for signal <regFile<28>>.
    Found 16-bit register for signal <regFile<29>>.
    Found 16-bit register for signal <regFile<30>>.
    Found 16-bit register for signal <regFile<31>>.
    Found 16-bit register for signal <regFile<0>>.
INFO:Xst:3019 - HDL ADVISOR - 512 flip-flops were inferred for signal <regFile>. You may be trying to describe a RAM in a way that is incompatible with block and distributed RAM resources available on Xilinx devices, or with a specific template that is not supported. Please review the Xilinx resources documentation and the XST user manual for coding guidelines. Taking advantage of RAM resources will lead to improved device usage and reduced synthesis time.
INFO:Xst:3019 - HDL ADVISOR - 512 flip-flops were inferred for signal <regFile>. You may be trying to describe a RAM in a way that is incompatible with block and distributed RAM resources available on Xilinx devices, or with a specific template that is not supported. Please review the Xilinx resources documentation and the XST user manual for coding guidelines. Taking advantage of RAM resources will lead to improved device usage and reduced synthesis time.
    Found 16-bit 32-to-1 multiplexer for signal <read_data_1> created at line 43.
    Found 16-bit 32-to-1 multiplexer for signal <read_data_2> created at line 44.
    Summary:
	inferred 512 D-type flip-flop(s).
	inferred   2 Multiplexer(s).
Unit <register_file> synthesized.

=========================================================================
HDL Synthesis Report

Macro Statistics
# RAMs                                                 : 2
 32x1-bit single-port Read Only RAM                    : 1
 64x10-bit single-port Read Only RAM                   : 1
# Registers                                            : 33
 16-bit register                                       : 32
 80-bit register                                       : 1
# Multiplexers                                         : 2
 16-bit 32-to-1 multiplexer                            : 2

=========================================================================

=========================================================================
*                       Advanced HDL Synthesis                          *
=========================================================================


Synthesizing (advanced) Unit <DEC_phase>.
INFO:Xst:3218 - HDL ADVISOR - The RAM <Mram_MEM_branch_indicator> will be implemented on LUTs either because you have described an asynchronous read or because of currently unsupported block RAM features. If you have described an asynchronous read, making it synchronous would allow you to take advantage of available block RAM resources, for optimized device usage and improved timings. Please refer to your documentation for coding guidelines.
    -----------------------------------------------------------------------
    | ram_type           | Distributed                         |          |
    -----------------------------------------------------------------------
    | Port A                                                              |
    |     aspect ratio   | 32-word x 1-bit                     |          |
    |     weA            | connected to signal <GND>           | high     |
    |     addrA          | connected to signal <IF_DEC_Reg<31:27>> |          |
    |     diA            | connected to signal <GND>           |          |
    |     doA            | connected to signal <MEM_branch_indicator> |          |
    -----------------------------------------------------------------------
INFO:Xst:3218 - HDL ADVISOR - The RAM <Mram__n0094> will be implemented on LUTs either because you have described an asynchronous read or because of currently unsupported block RAM features. If you have described an asynchronous read, making it synchronous would allow you to take advantage of available block RAM resources, for optimized device usage and improved timings. Please refer to your documentation for coding guidelines.
    -----------------------------------------------------------------------
    | ram_type           | Distributed                         |          |
    -----------------------------------------------------------------------
    | Port A                                                              |
    |     aspect ratio   | 64-word x 10-bit                    |          |
    |     weA            | connected to signal <GND>           | high     |
    |     addrA          | connected to signal <IF_DEC_Reg<31:26>> |          |
    |     diA            | connected to signal <GND>           |          |
    |     doA            | connected to internal node          |          |
    -----------------------------------------------------------------------
Unit <DEC_phase> synthesized (advanced).

=========================================================================
Advanced HDL Synthesis Report

Macro Statistics
# RAMs                                                 : 2
 32x1-bit single-port distributed Read Only RAM        : 1
 64x10-bit single-port distributed Read Only RAM       : 1
# Registers                                            : 592
 Flip-Flops                                            : 592
# Multiplexers                                         : 32
 1-bit 32-to-1 multiplexer                             : 32

=========================================================================

=========================================================================
*                         Low Level Synthesis                           *
=========================================================================

Optimizing unit <DEC_phase> ...

Optimizing unit <register_file> ...

Mapping all equations...
Building and optimizing final netlist ...
Found area constraint ratio of 100 (+ 5) on block DEC_phase, actual ratio is 1.

Final Macro Processing ...

=========================================================================
Final Register Report

Macro Statistics
# Registers                                            : 592
 Flip-Flops                                            : 592

=========================================================================

=========================================================================
*                           Partition Report                            *
=========================================================================

Partition Implementation Status
-------------------------------

  No Partitions were found in this design.

-------------------------------

=========================================================================
*                            Design Summary                             *
=========================================================================

Top Level Output File Name         : DEC_phase.ngc

Primitive and Black Box Usage:
------------------------------
# BELS                             : 394
#      LUT5                        : 2
#      LUT6                        : 360
#      MUXF7                       : 32
# FlipFlops/Latches                : 592
#      FDR                         : 80
#      FDRE_1                      : 512
# Clock Buffers                    : 1
#      BUFGP                       : 1
# IO Buffers                       : 151
#      IBUF                        : 71
#      OBUF                        : 80

Device utilization summary:
---------------------------

Selected Device : 7a100tcsg324-3 


Slice Logic Utilization: 
 Number of Slice Registers:             544  out of  126800     0%  
 Number of Slice LUTs:                  362  out of  63400     0%  
    Number used as Logic:               362  out of  63400     0%  

Slice Logic Distribution: 
 Number of LUT Flip Flop pairs used:    873
   Number with an unused Flip Flop:     329  out of    873    37%  
   Number with an unused LUT:           511  out of    873    58%  
   Number of fully used LUT-FF pairs:    33  out of    873     3%  
   Number of unique control sets:        33

IO Utilization: 
 Number of IOs:                         152
 Number of bonded IOBs:                 152  out of    210    72%  
    IOB Flip Flops/Latches:              48

Specific Feature Utilization:
 Number of BUFG/BUFGCTRLs:                1  out of     32     3%  

---------------------------
Partition Resource Summary:
---------------------------

  No Partitions were found in this design.

---------------------------


=========================================================================
Timing Report

NOTE: THESE TIMING NUMBERS ARE ONLY A SYNTHESIS ESTIMATE.
      FOR ACCURATE TIMING INFORMATION PLEASE REFER TO THE TRACE REPORT
      GENERATED AFTER PLACE-and-ROUTE.

Clock Information:
------------------
-----------------------------------+------------------------+-------+
Clock Signal                       | Clock buffer(FF name)  | Load  |
-----------------------------------+------------------------+-------+
clk                                | BUFGP                  | 592   |
-----------------------------------+------------------------+-------+

Asynchronous Control Signals Information:
----------------------------------------
No asynchronous control signals found in this design

Timing Summary:
---------------
Speed Grade: -3

   Minimum period: 3.924ns (Maximum Frequency: 254.868MHz)
   Minimum input arrival time before clock: 1.853ns
   Maximum output required time after clock: 0.640ns
   Maximum combinational path delay: No path found

Timing Details:
---------------
All values displayed in nanoseconds (ns)

=========================================================================
Timing constraint: Default period analysis for Clock 'clk'
  Clock period: 3.924ns (frequency: 254.868MHz)
  Total number of paths / destination ports: 1024 / 32
-------------------------------------------------------------------------
Delay:               1.962ns (Levels of Logic = 3)
  Source:            regFile/regFile_26_0 (FF)
  Destination:       DEC_EX_Reg_21 (FF)
  Source Clock:      clk falling
  Destination Clock: clk rising

  Data Path: regFile/regFile_26_0 to DEC_EX_Reg_21
                                Gate     Net
    Cell:in->out      fanout   Delay   Delay  Logical Name (Net Name)
    ----------------------------------------  ------------
     FDRE_1:C->Q           2   0.364   0.561  regFile/regFile_26_0 (regFile/regFile_26_0)
     LUT6:I2->O            1   0.097   0.556  regFile/mux_81 (regFile/mux_81)
     LUT6:I2->O            1   0.097   0.000  regFile/mux_3 (regFile/mux_3)
     MUXF7:I1->O           1   0.279   0.000  regFile/mux_2_f7 (read_data1<0>)
     FDR:D                     0.008          DEC_EX_Reg_37
    ----------------------------------------
    Total                      1.962ns (0.845ns logic, 1.117ns route)
                                       (43.1% logic, 56.9% route)

=========================================================================
Timing constraint: Default OFFSET IN BEFORE for Clock 'clk'
  Total number of paths / destination ports: 4949 / 1696
-------------------------------------------------------------------------
Offset:              1.853ns (Levels of Logic = 4)
  Source:            IF_DEC_Reg<17> (PAD)
  Destination:       DEC_EX_Reg_21 (FF)
  Destination Clock: clk rising

  Data Path: IF_DEC_Reg<17> to DEC_EX_Reg_21
                                Gate     Net
    Cell:in->out      fanout   Delay   Delay  Logical Name (Net Name)
    ----------------------------------------  ------------
     IBUF:I->O           129   0.001   0.815  IF_DEC_Reg_17_IBUF (IF_DEC_Reg_17_IBUF)
     LUT6:I0->O            1   0.097   0.556  regFile/mux16_81 (regFile/mux16_81)
     LUT6:I2->O            1   0.097   0.000  regFile/mux16_3 (regFile/mux16_3)
     MUXF7:I1->O           1   0.279   0.000  regFile/mux16_2_f7 (read_data2<0>)
     FDR:D                     0.008          DEC_EX_Reg_21
    ----------------------------------------
    Total                      1.853ns (0.482ns logic, 1.371ns route)
                                       (26.0% logic, 74.0% route)

=========================================================================
Timing constraint: Default OFFSET OUT AFTER for Clock 'clk'
  Total number of paths / destination ports: 80 / 80
-------------------------------------------------------------------------
Offset:              0.640ns (Levels of Logic = 1)
  Source:            DEC_EX_Reg_79 (FF)
  Destination:       DEC_EX_Reg<79> (PAD)
  Source Clock:      clk rising

  Data Path: DEC_EX_Reg_79 to DEC_EX_Reg<79>
                                Gate     Net
    Cell:in->out      fanout   Delay   Delay  Logical Name (Net Name)
    ----------------------------------------  ------------
     FDR:C->Q              1   0.361   0.279  DEC_EX_Reg_79 (DEC_EX_Reg_79)
     OBUF:I->O                 0.000          DEC_EX_Reg_79_OBUF (DEC_EX_Reg<79>)
    ----------------------------------------
    Total                      0.640ns (0.361ns logic, 0.279ns route)
                                       (56.4% logic, 43.6% route)

=========================================================================

Cross Clock Domains Report:
--------------------------

Clock to Setup on destination clock clk
---------------+---------+---------+---------+---------+
               | Src:Rise| Src:Fall| Src:Rise| Src:Fall|
Source Clock   |Dest:Rise|Dest:Rise|Dest:Fall|Dest:Fall|
---------------+---------+---------+---------+---------+
clk            |         |    1.962|         |         |
---------------+---------+---------+---------+---------+

=========================================================================


Total REAL time to Xst completion: 15.00 secs
Total CPU time to Xst completion: 11.02 secs
 
--> 


Total memory usage is 203084 kilobytes

Number of errors   :    0 (   0 filtered)
Number of warnings :    2 (   0 filtered)
Number of infos    :    4 (   0 filtered)

