Release 14.7 - xst P.20131013 (lin)
Copyright (c) 1995-2013 Xilinx, Inc.  All rights reserved.
--> 
Parameter TMPDIR set to xst/projnav.tmp


Total REAL time to Xst completion: 1.00 secs
Total CPU time to Xst completion: 0.06 secs
 
--> 
Parameter xsthdpdir set to xst


Total REAL time to Xst completion: 1.00 secs
Total CPU time to Xst completion: 0.06 secs
 
--> 
Reading design: sixteen_bits_adder.prj

TABLE OF CONTENTS
  1) Synthesis Options Summary
  2) HDL Parsing
  3) HDL Elaboration
  4) HDL Synthesis
       4.1) HDL Synthesis Report
  5) Advanced HDL Synthesis
       5.1) Advanced HDL Synthesis Report
  6) Low Level Synthesis
  7) Partition Report
  8) Design Summary
       8.1) Primitive and Black Box Usage
       8.2) Device utilization summary
       8.3) Partition Resource Summary
       8.4) Timing Report
            8.4.1) Clock Information
            8.4.2) Asynchronous Control Signals Information
            8.4.3) Timing Summary
            8.4.4) Timing Details
            8.4.5) Cross Clock Domains Report


=========================================================================
*                      Synthesis Options Summary                        *
=========================================================================
---- Source Parameters
Input File Name                    : "sixteen_bits_adder.prj"
Ignore Synthesis Constraint File   : NO

---- Target Parameters
Output File Name                   : "sixteen_bits_adder"
Output Format                      : NGC
Target Device                      : xc7a100t-3-csg324

---- Source Options
Top Module Name                    : sixteen_bits_adder
Automatic FSM Extraction           : YES
FSM Encoding Algorithm             : Auto
Safe Implementation                : No
FSM Style                          : LUT
RAM Extraction                     : Yes
RAM Style                          : Auto
ROM Extraction                     : Yes
Shift Register Extraction          : YES
ROM Style                          : Auto
Resource Sharing                   : YES
Asynchronous To Synchronous        : NO
Shift Register Minimum Size        : 2
Use DSP Block                      : Auto
Automatic Register Balancing       : No

---- Target Options
LUT Combining                      : Auto
Reduce Control Sets                : Auto
Add IO Buffers                     : YES
Global Maximum Fanout              : 100000
Add Generic Clock Buffer(BUFG)     : 32
Register Duplication               : YES
Optimize Instantiated Primitives   : NO
Use Clock Enable                   : Auto
Use Synchronous Set                : Auto
Use Synchronous Reset              : Auto
Pack IO Registers into IOBs        : Auto
Equivalent register Removal        : YES

---- General Options
Optimization Goal                  : Speed
Optimization Effort                : 1
Power Reduction                    : NO
Keep Hierarchy                     : No
Netlist Hierarchy                  : As_Optimized
RTL Output                         : Yes
Global Optimization                : AllClockNets
Read Cores                         : YES
Write Timing Constraints           : NO
Cross Clock Analysis               : NO
Hierarchy Separator                : /
Bus Delimiter                      : <>
Case Specifier                     : Maintain
Slice Utilization Ratio            : 100
BRAM Utilization Ratio             : 100
DSP48 Utilization Ratio            : 100
Auto BRAM Packing                  : NO
Slice Utilization Ratio Delta      : 5

=========================================================================


=========================================================================
*                          HDL Parsing                                  *
=========================================================================
Parsing VHDL file "/home/ctnguyen/Works/pipelineCPU/src/globalConst.vhd" into library work
Parsing package <globalConst>.
Parsing package body <globalConst>.
Parsing VHDL file "/home/ctnguyen/Works/pipelineCPU/src/four_bits_CLA_adder.vhd" into library work
Parsing entity <four_bits_CLA_adder>.
Parsing architecture <Behavioral> of entity <four_bits_cla_adder>.
Parsing VHDL file "/home/ctnguyen/Works/pipelineCPU/src/carry_look_ahead_block.vhd" into library work
Parsing entity <carry_look_ahead_block>.
Parsing architecture <Behavioral> of entity <carry_look_ahead_block>.
Parsing VHDL file "/home/ctnguyen/Works/pipelineCPU/src/sixteen_bits_adder.vhd" into library work
Parsing entity <sixteen_bits_adder>.
Parsing architecture <Behavioral> of entity <sixteen_bits_adder>.

=========================================================================
*                            HDL Elaboration                            *
=========================================================================

Elaborating entity <sixteen_bits_adder> (architecture <Behavioral>) from library <work>.

Elaborating entity <four_bits_CLA_adder> (architecture <Behavioral>) from library <work>.

Elaborating entity <carry_look_ahead_block> (architecture <Behavioral>) from library <work>.

=========================================================================
*                           HDL Synthesis                               *
=========================================================================

Synthesizing Unit <sixteen_bits_adder>.
    Related source file is "/home/ctnguyen/Works/pipelineCPU/src/sixteen_bits_adder.vhd".
    Summary:
	no macro.
Unit <sixteen_bits_adder> synthesized.

Synthesizing Unit <four_bits_CLA_adder>.
    Related source file is "/home/ctnguyen/Works/pipelineCPU/src/four_bits_CLA_adder.vhd".
    Summary:
Unit <four_bits_CLA_adder> synthesized.

Synthesizing Unit <carry_look_ahead_block>.
    Related source file is "/home/ctnguyen/Works/pipelineCPU/src/carry_look_ahead_block.vhd".
    Summary:
	no macro.
Unit <carry_look_ahead_block> synthesized.

=========================================================================
HDL Synthesis Report

Macro Statistics
# Xors                                                 : 32
 1-bit xor2                                            : 32

=========================================================================

=========================================================================
*                       Advanced HDL Synthesis                          *
=========================================================================


=========================================================================
Advanced HDL Synthesis Report

Macro Statistics
# Xors                                                 : 32
 1-bit xor2                                            : 32

=========================================================================

=========================================================================
*                         Low Level Synthesis                           *
=========================================================================

Optimizing unit <sixteen_bits_adder> ...

Mapping all equations...
Building and optimizing final netlist ...
Found area constraint ratio of 100 (+ 5) on block sixteen_bits_adder, actual ratio is 0.

Final Macro Processing ...

=========================================================================
Final Register Report

Found no macro
=========================================================================

=========================================================================
*                           Partition Report                            *
=========================================================================

Partition Implementation Status
-------------------------------

  No Partitions were found in this design.

-------------------------------

=========================================================================
*                            Design Summary                             *
=========================================================================

Top Level Output File Name         : sixteen_bits_adder.ngc

Primitive and Black Box Usage:
------------------------------
# BELS                             : 25
#      LUT3                        : 8
#      LUT5                        : 17
# IO Buffers                       : 51
#      IBUF                        : 33
#      OBUF                        : 18

Device utilization summary:
---------------------------

Selected Device : 7a100tcsg324-3 


Slice Logic Utilization: 
 Number of Slice LUTs:                   25  out of  63400     0%  
    Number used as Logic:                25  out of  63400     0%  

Slice Logic Distribution: 
 Number of LUT Flip Flop pairs used:     25
   Number with an unused Flip Flop:      25  out of     25   100%  
   Number with an unused LUT:             0  out of     25     0%  
   Number of fully used LUT-FF pairs:     0  out of     25     0%  
   Number of unique control sets:         0

IO Utilization: 
 Number of IOs:                          51
 Number of bonded IOBs:                  51  out of    210    24%  

Specific Feature Utilization:

---------------------------
Partition Resource Summary:
---------------------------

  No Partitions were found in this design.

---------------------------


=========================================================================
Timing Report

NOTE: THESE TIMING NUMBERS ARE ONLY A SYNTHESIS ESTIMATE.
      FOR ACCURATE TIMING INFORMATION PLEASE REFER TO THE TRACE REPORT
      GENERATED AFTER PLACE-and-ROUTE.

Clock Information:
------------------
No clock signals found in this design

Asynchronous Control Signals Information:
----------------------------------------
No asynchronous control signals found in this design

Timing Summary:
---------------
Speed Grade: -3

   Minimum period: No path found
   Minimum input arrival time before clock: No path found
   Maximum output required time after clock: No path found
   Maximum combinational path delay: 4.268ns

Timing Details:
---------------
All values displayed in nanoseconds (ns)

=========================================================================
Timing constraint: Default path analysis
  Total number of paths / destination ports: 354 / 18
-------------------------------------------------------------------------
Delay:               4.268ns (Levels of Logic = 10)
  Source:            operand_a<1> (PAD)
  Destination:       sum<14> (PAD)

  Data Path: operand_a<1> to sum<14>
                                Gate     Net
    Cell:in->out      fanout   Delay   Delay  Logical Name (Net Name)
    ----------------------------------------  ------------
     IBUF:I->O             2   0.001   0.688  operand_a_1_IBUF (operand_a_1_IBUF)
     LUT5:I0->O            3   0.097   0.305  first_4bits/c<2>1 (first_4bits/c<2>)
     LUT5:I4->O            3   0.097   0.305  CLA_block/C_OUT<1>1 (c_group<1>)
     LUT5:I4->O            3   0.097   0.389  second_4bits/c<2>1 (second_4bits/c<2>)
     LUT5:I3->O            3   0.097   0.305  CLA_block/C_OUT<2>1 (c_group<2>)
     LUT5:I4->O            3   0.097   0.389  third_4bits/c<2>1 (third_4bits/c<2>)
     LUT5:I3->O            3   0.097   0.305  CLA_block/C_OUT<3>1 (c_group<3>)
     LUT5:I4->O            4   0.097   0.525  fourth_4bits/c<2>1 (fourth_4bits/c<2>)
     LUT3:I0->O            1   0.097   0.279  fourth_4bits/Mxor_sum<2>_xo<0>1 (sum_14_OBUF)
     OBUF:I->O                 0.000          sum_14_OBUF (sum<14>)
    ----------------------------------------
    Total                      4.268ns (0.777ns logic, 3.491ns route)
                                       (18.2% logic, 81.8% route)

=========================================================================

Cross Clock Domains Report:
--------------------------

=========================================================================


Total REAL time to Xst completion: 12.00 secs
Total CPU time to Xst completion: 9.68 secs
 
--> 


Total memory usage is 201480 kilobytes

Number of errors   :    0 (   0 filtered)
Number of warnings :    0 (   0 filtered)
Number of infos    :    0 (   0 filtered)

